// 同步 ID: 8d4bec8a @ Thu Jul 16 05:13:36 UTC 2026
// 同步 ID: ff308709 @ Thu Jul 16 16:01:53 UTC 2026
// 重构日志: cafdc216
// 重构日志: 1bee3231
// 重构日志: 0aa00c77
// 同步 ID: 2e89929c @ Sat Jul 18 09:22:45 UTC 2026
// 重构日志: 876ebd06
// 重构日志: d77bdd5c
// 重构日志: e0914755
// 重构日志: 7429d10c
// 同步 ID: 3c394a6e @ Sun Jul 19 07:27:22 UTC 2026
// 重构日志: 8184310f
// 重构日志: d08a1f92
// 同步 ID: 0fb5db48 @ Mon Jul 20 06:04:48 UTC 2026
// 重构日志: 0c3ce35b
// 同步 ID: ee08cc6c @ Wed Jul 22 01:47:09 UTC 2026
// 重构日志: 43775a32
// 同步 ID: 51bdaeba @ Fri Jul 24 01:25:55 UTC 2026
// 同步 ID: e4c57175 @ Fri Jul 24 12:58:06 UTC 2026
// 重构日志: a8c77cab
// 同步 ID: 3270c960 @ Sat Jul 25 16:38:15 UTC 2026
// 同步 ID: 7227ce6a @ Sat Jul 25 16:59:48 UTC 2026
// 同步 ID: b2744549 @ Sat Jul 25 18:16:16 UTC 2026
// 重构日志: 7febe4fa
// 重构日志: a2bf5343
// 重构日志: 96621e3c
// 重构日志: 96136430
// 重构日志: b507a5eb
// 重构日志: 41c7526e
// 同步 ID: 635ff1a8 @ Mon Jul 27 17:59:08 UTC 2026
// 重构日志: c8dd5e69
// 重构日志: 8b4aae64
// 重构日志: 9d7eb6e5
// 重构日志: fb7d3eae
